MSBuild version 18.5.4+cb4e32d21 for .NET Framework

  libzstd_static.vcxproj -> C:\Users\miste\Downloads\AG Cs2\build\_deps\zstd-build\lib\Release\zstd_static.lib
  imgui_lib.vcxproj -> C:\Users\miste\Downloads\AG Cs2\build\Release\imgui_lib.lib
  bsp_world.cpp
  esp_renderer.cpp
  entity_manager.cpp
C:\Users\miste\Downloads\AG Cs2\src\esp\esp_renderer.cpp(377,21): error C2589: '(': illegal token on right side of '::' [c:\Users\miste\Downloads\AG Cs2\build\cs2_overlay.vcxproj]
C:\Users\miste\Downloads\AG Cs2\src\esp\esp_renderer.cpp(377,21): error C2059: syntax error: ')' [c:\Users\miste\Downloads\AG Cs2\build\cs2_overlay.vcxproj]
  triggerbot.cpp
  main.cpp
  menu.cpp
  Generating Code...
